[debug] [2025-09-05T07:51:23.853Z] ----------------------------------------------------------------------
[debug] [2025-09-05T07:51:23.855Z] Command:       /home/barsat/.nvm/versions/node/v20.19.5/bin/node /usr/local/bin/firebase init functions
[debug] [2025-09-05T07:51:23.855Z] CLI Version:   14.15.2
[debug] [2025-09-05T07:51:23.855Z] Platform:      linux
[debug] [2025-09-05T07:51:23.855Z] Node Version:  v20.19.5
[debug] [2025-09-05T07:51:23.855Z] Time:          Fri Sep 05 2025 17:51:23 GMT+1000 (Australian Eastern Standard Time)
[debug] [2025-09-05T07:51:23.855Z] ----------------------------------------------------------------------
[debug] 
[debug] [2025-09-05T07:51:23.858Z] > command requires scopes: ["email","openid","https://www.googleapis.com/auth/cloudplatformprojects.readonly","https://www.googleapis.com/auth/firebase","https://www.googleapis.com/auth/cloud-platform"]
[debug] [2025-09-05T07:51:23.858Z] > authorizing via signed-in user (mohammedbarsatzulkarnine@gmail.com)
[info] 
     ######## #### ########  ######## ########     ###     ######  ########
     ##        ##  ##     ## ##       ##     ##  ##   ##  ##       ##
     ######    ##  ########  ######   ########  #########  ######  ######
     ##        ##  ##    ##  ##       ##     ## ##     ##       ## ##
     ##       #### ##     ## ######## ########  ##     ##  ######  ########

You're about to initialize a Firebase project in this directory:

  /home/barsat/sky-ledge_final/lib

[info] 
=== Project Setup
[info] 
[info] First, let's associate this project directory with a Firebase project.
[info] You can create multiple project aliases by running firebase use --add, 
[info] but for now we'll just set up a default project.
[info] 
[debug] [2025-09-05T07:51:28.214Z] Checked if tokens are valid: true, expires at: 1757062267751
[debug] [2025-09-05T07:51:28.214Z] Checked if tokens are valid: true, expires at: 1757062267751
[debug] [2025-09-05T07:51:28.215Z] >>> [apiv2][query] GET https://firebase.googleapis.com/v1beta1/projects pageSize=100
[debug] [2025-09-05T07:51:29.329Z] <<< [apiv2][status] GET https://firebase.googleapis.com/v1beta1/projects 200
[debug] [2025-09-05T07:51:29.329Z] <<< [apiv2][body] GET https://firebase.googleapis.com/v1beta1/projects [omitted]
[info] i  Using project skyledge-36b56 (SkyLedge) 
[info] 
=== Functions Setup
[debug] [2025-09-05T07:51:35.598Z] > command requires scopes: ["email","openid","https://www.googleapis.com/auth/cloudplatformprojects.readonly","https://www.googleapis.com/auth/firebase","https://www.googleapis.com/auth/cloud-platform"]
[debug] [2025-09-05T07:51:35.598Z] > authorizing via signed-in user (mohammedbarsatzulkarnine@gmail.com)
[debug] [2025-09-05T07:51:35.598Z] [iam] checking project skyledge-36b56 for permissions ["firebase.projects.get"]
[debug] [2025-09-05T07:51:35.598Z] Checked if tokens are valid: true, expires at: 1757062267751
[debug] [2025-09-05T07:51:35.598Z] Checked if tokens are valid: true, expires at: 1757062267751
[debug] [2025-09-05T07:51:35.599Z] >>> [apiv2][query] POST https://cloudresourcemanager.googleapis.com/v1/projects/skyledge-36b56:testIamPermissions [none]
[debug] [2025-09-05T07:51:35.599Z] >>> [apiv2][(partial)header] POST https://cloudresourcemanager.googleapis.com/v1/projects/skyledge-36b56:testIamPermissions x-goog-quota-user=projects/skyledge-36b56
[debug] [2025-09-05T07:51:35.599Z] >>> [apiv2][body] POST https://cloudresourcemanager.googleapis.com/v1/projects/skyledge-36b56:testIamPermissions {"permissions":["firebase.projects.get"]}
[debug] [2025-09-05T07:51:36.762Z] <<< [apiv2][status] POST https://cloudresourcemanager.googleapis.com/v1/projects/skyledge-36b56:testIamPermissions 200
[debug] [2025-09-05T07:51:36.762Z] <<< [apiv2][body] POST https://cloudresourcemanager.googleapis.com/v1/projects/skyledge-36b56:testIamPermissions {"permissions":["firebase.projects.get"]}
[debug] [2025-09-05T07:51:36.762Z] Checked if tokens are valid: true, expires at: 1757062267751
[debug] [2025-09-05T07:51:36.762Z] Checked if tokens are valid: true, expires at: 1757062267751
[debug] [2025-09-05T07:51:36.762Z] Checked if tokens are valid: true, expires at: 1757062267751
[debug] [2025-09-05T07:51:36.762Z] Checked if tokens are valid: true, expires at: 1757062267751
[debug] [2025-09-05T07:51:36.763Z] >>> [apiv2][query] GET https://serviceusage.googleapis.com/v1/projects/skyledge-36b56/services/cloudfunctions.googleapis.com [none]
[debug] [2025-09-05T07:51:36.763Z] >>> [apiv2][(partial)header] GET https://serviceusage.googleapis.com/v1/projects/skyledge-36b56/services/cloudfunctions.googleapis.com x-goog-quota-user=projects/skyledge-36b56
[debug] [2025-09-05T07:51:36.763Z] >>> [apiv2][query] GET https://serviceusage.googleapis.com/v1/projects/skyledge-36b56/services/runtimeconfig.googleapis.com [none]
[debug] [2025-09-05T07:51:36.763Z] >>> [apiv2][(partial)header] GET https://serviceusage.googleapis.com/v1/projects/skyledge-36b56/services/runtimeconfig.googleapis.com x-goog-quota-user=projects/skyledge-36b56
[debug] [2025-09-05T07:51:38.169Z] <<< [apiv2][status] GET https://serviceusage.googleapis.com/v1/projects/skyledge-36b56/services/cloudfunctions.googleapis.com 200
[debug] [2025-09-05T07:51:38.169Z] <<< [apiv2][body] GET https://serviceusage.googleapis.com/v1/projects/skyledge-36b56/services/cloudfunctions.googleapis.com [omitted]
[debug] [2025-09-05T07:51:38.211Z] <<< [apiv2][status] GET https://serviceusage.googleapis.com/v1/projects/skyledge-36b56/services/runtimeconfig.googleapis.com 200
[debug] [2025-09-05T07:51:38.212Z] <<< [apiv2][body] GET https://serviceusage.googleapis.com/v1/projects/skyledge-36b56/services/runtimeconfig.googleapis.com [omitted]
[info] Let's create a new codebase for your functions.
[info] A directory corresponding to the codebase will be created in your project
[info] with sample code pre-configured.

[info] See https://firebase.google.com/docs/functions/organize-functions for
[info] more information on organizing your functions using codebases.

[info] Functions can be deployed with firebase deploy.

[info] ✔  Wrote functions/package.json 
[info] ✔  Wrote functions/tsconfig.json 
[info] ✔  Wrote functions/src/index.ts 
[info] ✔  Wrote functions/.gitignore 
